------------------------------------------------------------
Timing Analyzer Summary
------------------------------------------------------------

Type  : Slow 1200mV 85C Model Setup 'clockdiv:clocker|ctval[0]'
Slack : -5.528
TNS   : -181.820

Type  : Slow 1200mV 85C Model Setup 'clock_in'
Slack : -0.359
TNS   : -0.359

Type  : Slow 1200mV 85C Model Hold 'clock_in'
Slack : 0.265
TNS   : 0.000

Type  : Slow 1200mV 85C Model Hold 'clockdiv:clocker|ctval[0]'
Slack : 0.312
TNS   : 0.000

Type  : Slow 1200mV 85C Model Minimum Pulse Width 'clock_in'
Slack : -3.000
TNS   : -4.000

Type  : Slow 1200mV 85C Model Minimum Pulse Width 'clockdiv:clocker|ctval[0]'
Slack : -2.174
TNS   : -51.522

Type  : Slow 1200mV 0C Model Setup 'clockdiv:clocker|ctval[0]'
Slack : -4.826
TNS   : -158.324

Type  : Slow 1200mV 0C Model Setup 'clock_in'
Slack : -0.238
TNS   : -0.238

Type  : Slow 1200mV 0C Model Hold 'clock_in'
Slack : 0.216
TNS   : 0.000

Type  : Slow 1200mV 0C Model Hold 'clockdiv:clocker|ctval[0]'
Slack : 0.309
TNS   : 0.000

Type  : Slow 1200mV 0C Model Minimum Pulse Width 'clock_in'
Slack : -3.000
TNS   : -4.000

Type  : Slow 1200mV 0C Model Minimum Pulse Width 'clockdiv:clocker|ctval[0]'
Slack : -2.174
TNS   : -51.522

Type  : Fast 1200mV 0C Model Setup 'clockdiv:clocker|ctval[0]'
Slack : -2.534
TNS   : -76.261

Type  : Fast 1200mV 0C Model Setup 'clock_in'
Slack : -0.011
TNS   : -0.011

Type  : Fast 1200mV 0C Model Hold 'clockdiv:clocker|ctval[0]'
Slack : 0.152
TNS   : 0.000

Type  : Fast 1200mV 0C Model Hold 'clock_in'
Slack : 0.165
TNS   : 0.000

Type  : Fast 1200mV 0C Model Minimum Pulse Width 'clock_in'
Slack : -3.000
TNS   : -4.000

Type  : Fast 1200mV 0C Model Minimum Pulse Width 'clockdiv:clocker|ctval[0]'
Slack : -1.000
TNS   : -48.000

------------------------------------------------------------
